// Jest Snapshot v1, https://goo.gl/fbAQLP

exports[`renders learn react link matches snapshot 1`] = `"aaa"`;
